=== Heuristic Scorer Test ===
Import OK
Scorer created. NLP loaded: True, ST loaded: True
T1 (actionable): {'raw_quality': 0.3375, 'candidate_quality': 0.3375, 'clarity': 0.9, 'specificity': 0.0, 'ambiguity_penalty': 0.0, 'redundancy_penalty': 0.0, 'length_penalty': 0.25, 'structural_bonus': 0.0, 'quality_improvement': 0.0, 'clarity_delta': 0.0, 'specificity_delta': 0.0, 'semantic_preservation': 1.0, 'rejected': False, 'final_score': 0.3375}
T2 (vague):      {'raw_quality': 0.0, 'candidate_quality': 0.0, 'clarity': 0.0, 'specificity': 0.0, 'ambiguity_penalty': 0.15, 'redundancy_penalty': 0.0, 'length_penalty': 0.625, 'structural_bonus': 0.0, 'quality_improvement': 0.0, 'clarity_delta': 0.0, 'specificity_delta': 0.0, 'semantic_preservation': 1.0, 'rejected': False, 'final_score': 0.0}
T3 (specific):   {'raw_quality': 0.95, 'candidate_quality': 0.95, 'clarity': 0.9, 'specificity': 1.0, 'ambiguity_penalty': 0.0, 'redundancy_penalty': 0.0, 'length_penalty': 0.0, 'structural_bonus': 0.0, 'quality_improvement': 0.0, 'clarity_delta': 0.0, 'specificity_delta': 0.0, 'semantic_preservation': 1.0, 'rejected': False, 'final_score': 0.95}
T4 (pair, good): {'raw_quality': 0.225, 'candidate_quality': 0.64, 'clarity': 0.88, 'specificity': 0.4, 'ambiguity_penalty': 0.0, 'redundancy_penalty': 0.0, 'length_penalty': 0.0, 'structural_bonus': 0.0, 'quality_improvement': 0.415, 'clarity_delta': -0.02, 'specificity_delta': 0.4, 'semantic_preservation': 0.5694, 'rejected': False, 'final_score': 0.2363}
T5 (empty):      {'raw_quality': 0.0, 'candidate_quality': 0.0, 'clarity': 0.0, 'specificity': 0.0, 'ambiguity_penalty': 0.0, 'redundancy_penalty': 0.0, 'length_penalty': 1.0, 'structural_bonus': 0.0, 'quality_improvement': 0.0, 'clarity_delta': 0.0, 'specificity_delta': 0.0, 'semantic_preservation': 1.0, 'rejected': False, 'final_score': 0.0}
T6 (low sim):    {'raw_quality': 0.225, 'candidate_quality': 0.6, 'clarity': 0.8667, 'specificity': 0.3333, 'ambiguity_penalty': 0.0, 'redundancy_penalty': 0.0, 'length_penalty': 0.0, 'structural_bonus': 0.0, 'quality_improvement': 0.375, 'clarity_delta': -0.0333, 'specificity_delta': 0.3333, 'semantic_preservation': 0.1202, 'rejected': True, 'final_score': 0.0}
T7 (ambiguity):  {'raw_quality': 0.325, 'candidate_quality': 0.325, 'clarity': 0.95, 'specificity': 0.0, 'ambiguity_penalty': 0.15, 'redundancy_penalty': 0.0, 'length_penalty': 0.0, 'structural_bonus': 0.0, 'quality_improvement': 0.0, 'clarity_delta': 0.0, 'specificity_delta': 0.0, 'semantic_preservation': 1.0, 'rejected': False, 'final_score': 0.325}
T8 (redundancy): {'raw_quality': 0.35, 'candidate_quality': 0.35, 'clarity': 0.0, 'specificity': 1.0, 'ambiguity_penalty': 0.0, 'redundancy_penalty': 0.15, 'length_penalty': 0.0, 'structural_bonus': 0.0, 'quality_improvement': 0.0, 'clarity_delta': 0.0, 'specificity_delta': 0.0, 'semantic_preservation': 1.0, 'rejected': False, 'final_score': 0.35}
T9 (short):      {'raw_quality': 0.0625, 'candidate_quality': 0.0625, 'clarity': 1.0, 'specificity': 0.0, 'ambiguity_penalty': 0.0, 'redundancy_penalty': 0.0, 'length_penalty': 0.875, 'structural_bonus': 0.0, 'quality_improvement': 0.0, 'clarity_delta': 0.0, 'specificity_delta': 0.0, 'semantic_preservation': 1.0, 'rejected': False, 'final_score': 0.0625}
T10 (structure): {'raw_quality': 0.7434, 'candidate_quality': 0.7434, 'clarity': 0.6357, 'specificity': 0.6512, 'ambiguity_penalty': 0.0, 'redundancy_penalty': 0.0, 'length_penalty': 0.0, 'structural_bonus': 0.1, 'quality_improvement': 0.0, 'clarity_delta': 0.0, 'specificity_delta': 0.0, 'semantic_preservation': 1.0, 'rejected': False, 'final_score': 0.7434}
T11 (soft sim):  {'raw_quality': 0.375, 'candidate_quality': 0.3, 'clarity': 0.0, 'specificity': 0.6, 'ambiguity_penalty': 0.0, 'redundancy_penalty': 0.0, 'length_penalty': 0.0, 'structural_bonus': 0.0, 'quality_improvement': -0.075, 'clarity_delta': -1.0, 'specificity_delta': 0.6, 'semantic_preservation': 0.6594, 'rejected': False, 'final_score': -0.0495}

All tests completed successfully.
